Administrator@Users MINGW64 /d/tranning/git/sourceGit (master)
$ git init
Reinitialized existing Git repository in D:/tranning/git/sourceGit/.git/

Administrator@Users MINGW64 /d/tranning/git/sourceGit (master)
$ git code.
git: 'code.' is not a git command. See 'git --help'.

Administrator@Users MINGW64 /d/tranning/git/sourceGit (master)
$ git code .
git: 'code' is not a git command. See 'git --help'.

The most similar command is
        clone

Administrator@Users MINGW64 /d/tranning/git/sourceGit (master)
$ git code .
git: 'code' is not a git command. See 'git --help'.

The most similar command is
        clone

Administrator@Users MINGW64 /d/tranning/git/sourceGit (master)
$ git --help
usage: git [-v | --version] [-h | --help] [-C <path>] [-c <name>=<value>]
           [--exec-path[=<path>]] [--html-path] [--man-path] [--info-path]
           [-p | --paginate | -P | --no-pager] [--no-replace-objects] [--bare]
           [--git-dir=<path>] [--work-tree=<path>] [--namespace=<name>]
           [--super-prefix=<path>] [--config-env=<name>=<envvar>]
           <command> [<args>]

These are common Git commands used in various situations:

start a working area (see also: git help tutorial)
   clone     Clone a repository into a new directory
   init      Create an empty Git repository or reinitialize an existing one

work on the current change (see also: git help everyday)
   add       Add file contents to the index
   mv        Move or rename a file, a directory, or a symlink
   restore   Restore working tree files
   rm        Remove files from the working tree and from the index

examine the history and state (see also: git help revisions)
   bisect    Use binary search to find the commit that introduced a bug
   diff      Show changes between commits, commit and working tree, etc
   grep      Print lines matching a pattern
   log       Show commit logs
   show      Show various types of objects
   status    Show the working tree status

grow, mark and tweak your common history
   branch    List, create, or delete branches
   commit    Record changes to the repository
   merge     Join two or more development histories together
   rebase    Reapply commits on top of another base tip
   reset     Reset current HEAD to the specified state
   switch    Switch branches
   tag       Create, list, delete or verify a tag object signed with GPG

collaborate (see also: git help workflows)
   fetch     Download objects and refs from another repository
   pull      Fetch from and integrate with another repository or a local branch
   push      Update remote refs along with associated objects

'git help -a' and 'git help -g' list available subcommands and some
concept guides. See 'git help <command>' or 'git help <concept>'
to read about a specific subcommand or concept.
See 'git help git' for an overview of the system.

Administrator@Users MINGW64 /d/tranning/git/sourceGit (master)
$ git add file.txt
fatal: pathspec 'file.txt' did not match any files

Administrator@Users MINGW64 /d/tranning/git/sourceGit (master)
$ git status
On branch master

No commits yet

Untracked files:
  (use "git add <file>..." to include in what will be committed)
        file.txt

nothing added to commit but untracked files present (use "git add" to track)

Administrator@Users MINGW64 /d/tranning/git/sourceGit (master)
$ git add .

Administrator@Users MINGW64 /d/tranning/git/sourceGit (master)
$ git commint -m "menambah file.txt"
git: 'commint' is not a git command. See 'git --help'.

The most similar command is
        commit

Administrator@Users MINGW64 /d/tranning/git/sourceGit (master)
$ git commit -m "menambah file.txt"
[master (root-commit) c0ac0a6] menambah file.txt
 1 file changed, 0 insertions(+), 0 deletions(-)
 create mode 100644 file.txt

Administrator@Users MINGW64 /d/tranning/git/sourceGit (master)
$ git status
On branch master
nothing to commit, working tree clean

Administrator@Users MINGW64 /d/tranning/git/sourceGit (master)
$ git log
commit c0ac0a6df50874df93c36f6d9464b9840c9d920f (HEAD -> master)
Author: Muhammad Riyan Husain <muhriyanhusain@gmail.com>
Date:   Mon Mar 4 11:22:51 2024 +0700

    menambah file.txt

Administrator@Users MINGW64 /d/tranning/git/sourceGit (master)
$ git status
On branch master
Changes not staged for commit:
  (use "git add <file>..." to update what will be committed)
  (use "git restore <file>..." to discard changes in working directory)
        modified:   file.txt

no changes added to commit (use "git add" and/or "git commit -a")

Administrator@Users MINGW64 /d/tranning/git/sourceGit (master)
$ git add .

Administrator@Users MINGW64 /d/tranning/git/sourceGit (master)
$ git commit -m "menambah baris pertama file.txt"
[master 63d803e] menambah baris pertama file.txt
 1 file changed, 1 insertion(+)

Administrator@Users MINGW64 /d/tranning/git/sourceGit (master)
$ git status
On branch master
nothing to commit, working tree clean

Administrator@Users MINGW64 /d/tranning/git/sourceGit (master)
$ git log
commit 63d803e386321983f16993d048515f9389fc10bc (HEAD -> master)
Author: Muhammad Riyan Husain <muhriyanhusain@gmail.com>
Date:   Mon Mar 4 11:24:45 2024 +0700

    menambah baris pertama file.txt

commit c0ac0a6df50874df93c36f6d9464b9840c9d920f
Author: Muhammad Riyan Husain <muhriyanhusain@gmail.com>
Date:   Mon Mar 4 11:22:51 2024 +0700

    menambah file.txt

Administrator@Users MINGW64 /d/tranning/git/sourceGit (master)
$ git log --oneline
63d803e (HEAD -> master) menambah baris pertama file.txt
c0ac0a6 menambah file.txt

Administrator@Users MINGW64 /d/tranning/git/sourceGit (master)
$ git status
On branch master
Untracked files:
  (use "git add <file>..." to include in what will be committed)
        file1.txt

nothing added to commit but untracked files present (use "git add" to track)

Administrator@Users MINGW64 /d/tranning/git/sourceGit (master)
$ git add .

Administrator@Users MINGW64 /d/tranning/git/sourceGit (master)
$ git commit -m "menambah file1.txt"
[master fbf6942] menambah file1.txt
 1 file changed, 0 insertions(+), 0 deletions(-)
 create mode 100644 file1.txt

Administrator@Users MINGW64 /d/tranning/git/sourceGit (master)
$ git status
On branch master
nothing to commit, working tree clean

Administrator@Users MINGW64 /d/tranning/git/sourceGit (master)
$ git log --oneline
fbf6942 (HEAD -> master) menambah file1.txt
63d803e menambah baris pertama file.txt
c0ac0a6 menambah file.txt

Administrator@Users MINGW64 /d/tranning/git/sourceGit (master)
$ git status
On branch master
Changes not staged for commit:
  (use "git add <file>..." to update what will be committed)
  (use "git restore <file>..." to discard changes in working directory)
        modified:   file1.txt

no changes added to commit (use "git add" and/or "git commit -a")

Administrator@Users MINGW64 /d/tranning/git/sourceGit (master)
$ git log
commit fbf69426821806addcdd3e7cab386496cfc9cc13 (HEAD -> master)
Author: Muhammad Riyan Husain <muhriyanhusain@gmail.com>
Date:   Mon Mar 4 11:26:17 2024 +0700

    menambah file1.txt

commit 63d803e386321983f16993d048515f9389fc10bc
Author: Muhammad Riyan Husain <muhriyanhusain@gmail.com>
Date:   Mon Mar 4 11:24:45 2024 +0700

    menambah baris pertama file.txt

commit c0ac0a6df50874df93c36f6d9464b9840c9d920f
Author: Muhammad Riyan Husain <muhriyanhusain@gmail.com>
Date:   Mon Mar 4 11:22:51 2024 +0700

    menambah file.txt

Administrator@Users MINGW64 /d/tranning/git/sourceGit (master)
$ git add .

Administrator@Users MINGW64 /d/tranning/git/sourceGit (master)
$ git commit -m "menmbah baris pertam di file1.txt"
[master 803456f] menmbah baris pertam di file1.txt
 1 file changed, 1 insertion(+)

Administrator@Users MINGW64 /d/tranning/git/sourceGit (master)
$ git status
On branch master
nothing to commit, working tree clean

Administrator@Users MINGW64 /d/tranning/git/sourceGit (master)
$ git log --onelins
fatal: unrecognized argument: --onelins

Administrator@Users MINGW64 /d/tranning/git/sourceGit (master)
$ git log --oneline
803456f (HEAD -> master) menmbah baris pertam di file1.txt
fbf6942 menambah file1.txt
63d803e menambah baris pertama file.txt
c0ac0a6 menambah file.txt

Administrator@Users MINGW64 /d/tranning/git/sourceGit (master)
$ git add .

Administrator@Users MINGW64 /d/tranning/git/sourceGit (master)
$ git commit -m "menambah file2.txt"
[master 06b3baa] menambah file2.txt
 1 file changed, 0 insertions(+), 0 deletions(-)
 create mode 100644 file2.txt

Administrator@Users MINGW64 /d/tranning/git/sourceGit (master)
$ git log
commit 06b3baa0eb072784c5356933ea629432ab14d461 (HEAD -> master)
Author: Muhammad Riyan Husain <muhriyanhusain@gmail.com>
Date:   Mon Mar 4 11:28:59 2024 +0700

    menambah file2.txt

commit 803456fef4541564e434ab20f9f8f14f56404f90
Author: Muhammad Riyan Husain <muhriyanhusain@gmail.com>
Date:   Mon Mar 4 11:27:13 2024 +0700

    menmbah baris pertam di file1.txt

commit fbf69426821806addcdd3e7cab386496cfc9cc13
Author: Muhammad Riyan Husain <muhriyanhusain@gmail.com>
Date:   Mon Mar 4 11:26:17 2024 +0700

    menambah file1.txt

commit 63d803e386321983f16993d048515f9389fc10bc
Author: Muhammad Riyan Husain <muhriyanhusain@gmail.com>
Date:   Mon Mar 4 11:24:45 2024 +0700

    menambah baris pertama file.txt

Administrator@Users MINGW64 /d/tranning/git/sourceGit (master)
$ git status
On branch master
Changes not staged for commit:
  (use "git add/rm <file>..." to update what will be committed)
  (use "git restore <file>..." to discard changes in working directory)
        deleted:    file2.txt

no changes added to commit (use "git add" and/or "git commit -a")

Administrator@Users MINGW64 /d/tranning/git/sourceGit (master)
$ git add file2.txt

Administrator@Users MINGW64 /d/tranning/git/sourceGit (master)
$ git status
On branch master
Changes to be committed:
  (use "git restore --staged <file>..." to unstage)
        deleted:    file2.txt


Administrator@Users MINGW64 /d/tranning/git/sourceGit (master)
$ git commit -m "menghapus file2.txt"
[master 4185a21] menghapus file2.txt
 1 file changed, 0 insertions(+), 0 deletions(-)
 delete mode 100644 file2.txt

Administrator@Users MINGW64 /d/tranning/git/sourceGit (master)
$ git status
On branch master
nothing to commit, working tree clean

Administrator@Users MINGW64 /d/tranning/git/sourceGit (master)
$ git log --oneline
4185a21 (HEAD -> master) menghapus file2.txt
06b3baa menambah file2.txt
803456f menmbah baris pertam di file1.txt
fbf6942 menambah file1.txt
63d803e menambah baris pertama file.txt
c0ac0a6 menambah file.txt

Administrator@Users MINGW64 /d/tranning/git/sourceGit (master)
$ git status
On branch master
Changes not staged for commit:
  (use "git add <file>..." to update what will be committed)
  (use "git restore <file>..." to discard changes in working directory)
        modified:   file.txt
        modified:   file1.txt

no changes added to commit (use "git add" and/or "git commit -a")

Administrator@Users MINGW64 /d/tranning/git/sourceGit (master)
$ git restore file.txt

Administrator@Users MINGW64 /d/tranning/git/sourceGit (master)
$ git restore file1.txt

Administrator@Users MINGW64 /d/tranning/git/sourceGit (master)
$ git status
On branch master
nothing to commit, working tree clean

Administrator@Users MINGW64 /d/tranning/git/sourceGit (master)
$ git status
On branch master
Changes not staged for commit:
  (use "git add <file>..." to update what will be committed)
  (use "git restore <file>..." to discard changes in working directory)
        modified:   file1.txt

no changes added to commit (use "git add" and/or "git commit -a")

Administrator@Users MINGW64 /d/tranning/git/sourceGit (master)
$ git add .

Administrator@Users MINGW64 /d/tranning/git/sourceGit (master)
$ git restore --staged file1.txt

Administrator@Users MINGW64 /d/tranning/git/sourceGit (master)
$ git restore file1.txt

Administrator@Users MINGW64 /d/tranning/git/sourceGit (master)
$ git status
On branch master
nothing to commit, working tree clean

Administrator@Users MINGW64 /d/tranning/git/sourceGit (master)
$ ^C

Administrator@Users MINGW64 /d/tranning/git/sourceGit (master)
$ git status
On branch master
Changes not staged for commit:
  (use "git add <file>..." to update what will be committed)
  (use "git restore <file>..." to discard changes in working directory)
        modified:   file.txt

no changes added to commit (use "git add" and/or "git commit -a")

Administrator@Users MINGW64 /d/tranning/git/sourceGit (master)
$ git add .

Administrator@Users MINGW64 /d/tranning/git/sourceGit (master)
$ git commit -m "penambahan coment untuk git"
[master 934d492] penambahan coment untuk git
 1 file changed, 364 insertions(+), 1 deletion(-)

Administrator@Users MINGW64 /d/tranning/git/sourceGit (master)
$ git status
On branch master
nothing to commit, working tree clean

Administrator@Users MINGW64 /d/tranning/git/sourceGit (master)
$ git status
On branch master
Changes not staged for commit:
  (use "git add/rm <file>..." to update what will be committed)
  (use "git restore <file>..." to discard changes in working directory)
        deleted:    file1.txt

Untracked files:
  (use "git add <file>..." to include in what will be committed)
        file_1.txt

no changes added to commit (use "git add" and/or "git commit -a")

Administrator@Users MINGW64 /d/tranning/git/sourceGit (master)
$ git add .

Administrator@Users MINGW64 /d/tranning/git/sourceGit (master)
$ git status
On branch master
Changes to be committed:
  (use "git restore --staged <file>..." to unstage)
        renamed:    file1.txt -> file_1.txt


Administrator@Users MINGW64 /d/tranning/git/sourceGit (master)
$ git commit -m "rename file_1.txt"
[master 9149ddc] rename file_1.txt
 1 file changed, 0 insertions(+), 0 deletions(-)
 rename file1.txt => file_1.txt (100%)

Administrator@Users MINGW64 /d/tranning/git/sourceGit (master)
$ git log -oneline
fatal: unrecognized argument: -oneline

Administrator@Users MINGW64 /d/tranning/git/sourceGit (master)
$ git log --oneline
9149ddc (HEAD -> master) rename file_1.txt
934d492 penambahan coment untuk git
4185a21 menghapus file2.txt
06b3baa menambah file2.txt
803456f menmbah baris pertam di file1.txt
fbf6942 menambah file1.txt
63d803e menambah baris pertama file.txt
c0ac0a6 menambah file.txt

Administrator@Users MINGW64 /d/tranning/git/sourceGit (master)
$ ^C

Administrator@Users MINGW64 /d/tranning/git/sourceGit (master)
$ git reset --soft 934d492

Administrator@Users MINGW64 /d/tranning/git/sourceGit (master)
$ git status
On branch master
Changes to be committed:
  (use "git restore --staged <file>..." to unstage)
        renamed:    file1.txt -> file_1.txt

Changes not staged for commit:
  (use "git add <file>..." to update what will be committed)
  (use "git restore <file>..." to discard changes in working directory)
        modified:   file_1.txt


Administrator@Users MINGW64 /d/tranning/git/sourceGit (master)
$ git commit -m "reset commit"
[master b81c2e1] reset commit
 1 file changed, 0 insertions(+), 0 deletions(-)
 rename file1.txt => file_1.txt (100%)

Administrator@Users MINGW64 /d/tranning/git/sourceGit (master)
$ git log --oneline
b81c2e1 (HEAD -> master) reset commit
934d492 penambahan coment untuk git
4185a21 menghapus file2.txt
06b3baa menambah file2.txt
803456f menmbah baris pertam di file1.txt
fbf6942 menambah file1.txt
63d803e menambah baris pertama file.txt
c0ac0a6 menambah file.txt

Administrator@Users MINGW64 /d/tranning/git/sourceGit (master)
$ ^C

Administrator@Users MINGW64 /d/tranning/git/sourceGit (master)
$ git reset --soft 934d492

Administrator@Users MINGW64 /d/tranning/git/sourceGit (master)
$ git log --oneline
934d492 (HEAD -> master) penambahan coment untuk git
4185a21 menghapus file2.txt
06b3baa menambah file2.txt
803456f menmbah baris pertam di file1.txt
fbf6942 menambah file1.txt
63d803e menambah baris pertama file.txt
c0ac0a6 menambah file.txt

Administrator@Users MINGW64 /d/tranning/git/sourceGit (master)
$ git reset --mixed b81c2e1
Unstaged changes after reset:
M       file_1.txt

Administrator@Users MINGW64 /d/tranning/git/sourceGit (master)
$ git log --oneline
b81c2e1 (HEAD -> master) reset commit
934d492 penambahan coment untuk git
4185a21 menghapus file2.txt
06b3baa menambah file2.txt
803456f menmbah baris pertam di file1.txt
fbf6942 menambah file1.txt
63d803e menambah baris pertama file.txt
c0ac0a6 menambah file.txt

Administrator@Users MINGW64 /d/tranning/git/sourceGit (master)
$ git reset --hard 934d492
HEAD is now at 934d492 penambahan coment untuk git

Administrator@Users MINGW64 /d/tranning/git/sourceGit (master)
$ git status
On branch master
nothing to commit, working tree clean

Administrator@Users MINGW64 /d/tranning/git/sourceGit (master)
$ git log --oneline
934d492 (HEAD -> master) penambahan coment untuk git
4185a21 menghapus file2.txt
06b3baa menambah file2.txt
803456f menmbah baris pertam di file1.txt
fbf6942 menambah file1.txt
63d803e menambah baris pertama file.txt
c0ac0a6 menambah file.txt

Administrator@Users MINGW64 /d/tranning/git/sourceGit (master)
$ git status
On branch master
Changes not staged for commit:
  (use "git add <file>..." to update what will be committed)
  (use "git restore <file>..." to discard changes in working directory)
        modified:   file1.txt

no changes added to commit (use "git add" and/or "git commit -a")

Administrator@Users MINGW64 /d/tranning/git/sourceGit (master)
$ git add .

Administrator@Users MINGW64 /d/tranning/git/sourceGit (master)
$ git commit -m "perubahan file1.txt pertama"
[master c849568] perubahan file1.txt pertama
 1 file changed, 2 insertions(+), 1 deletion(-)

Administrator@Users MINGW64 /d/tranning/git/sourceGit (master)
$ git status
On branch master
nothing to commit, working tree clean

Administrator@Users MINGW64 /d/tranning/git/sourceGit (master)
$ git status
On branch master
Changes not staged for commit:
  (use "git add <file>..." to update what will be committed)
  (use "git restore <file>..." to discard changes in working directory)
        modified:   file1.txt

no changes added to commit (use "git add" and/or "git commit -a")

Administrator@Users MINGW64 /d/tranning/git/sourceGit (master)
$ git commit --amend -m "masih pada perubahan pertama"
[master f008164] masih pada perubahan pertama
 Date: Mon Mar 4 13:23:35 2024 +0700
 1 file changed, 2 insertions(+), 1 deletion(-)

Administrator@Users MINGW64 /d/tranning/git/sourceGit (master)
$ git status
On branch master
Changes not staged for commit:
  (use "git add <file>..." to update what will be committed)
  (use "git restore <file>..." to discard changes in working directory)
        modified:   file1.txt

no changes added to commit (use "git add" and/or "git commit -a")

Administrator@Users MINGW64 /d/tranning/git/sourceGit (master)
$ git log --oneline
f008164 (HEAD -> master) masih pada perubahan pertama
934d492 penambahan coment untuk git
4185a21 menghapus file2.txt
06b3baa menambah file2.txt
803456f menmbah baris pertam di file1.txt
fbf6942 menambah file1.txt
63d803e menambah baris pertama file.txt
c0ac0a6 menambah file.txt

Administrator@Users MINGW64 /d/tranning/git/sourceGit (master)
$ git checkout 803456f --file1.txt
error: unknown option `file1.txt'
usage: git checkout [<options>] <branch>
   or: git checkout [<options>] [<branch>] -- <file>...

    -b <branch>           create and checkout a new branch
    -B <branch>           create/reset and checkout a branch
    -l                    create reflog for new branch
    --guess               second guess 'git checkout <no-such-branch>' (default)
    --overlay             use overlay mode (default)
    -q, --quiet           suppress progress reporting
    --recurse-submodules[=<checkout>]
                          control recursive updating of submodules
    --progress            force progress reporting
    -m, --merge           perform a 3-way merge with the new branch
    --conflict <style>    conflict style (merge, diff3, or zdiff3)
    -d, --detach          detach HEAD at named commit
    -t, --track[=(direct|inherit)]
                          set branch tracking configuration
    -f, --force           force checkout (throw away local modifications)
    --orphan <new-branch>
                          new unparented branch
    --overwrite-ignore    update ignored files (default)
    --ignore-other-worktrees
                          do not check if another worktree is holding the given ref
    -2, --ours            checkout our version for unmerged files
    -3, --theirs          checkout their version for unmerged files
    -p, --patch           select hunks interactively
    --ignore-skip-worktree-bits
                          do not limit pathspecs to sparse entries only
    --pathspec-from-file <file>
                          read pathspec from file
    --pathspec-file-nul   with --pathspec-from-file, pathspec elements are separated with NUL character


Administrator@Users MINGW64 /d/tranning/git/sourceGit (master)
$ git log --oneline
f008164 (HEAD -> master) masih pada perubahan pertama
934d492 penambahan coment untuk git
4185a21 menghapus file2.txt
06b3baa menambah file2.txt
803456f menmbah baris pertam di file1.txt
fbf6942 menambah file1.txt
63d803e menambah baris pertama file.txt
c0ac0a6 menambah file.txt

Administrator@Users MINGW64 /d/tranning/git/sourceGit (master)
$ git checkout 934d492 --file.txt
error: unknown option `file.txt'
usage: git checkout [<options>] <branch>
   or: git checkout [<options>] [<branch>] -- <file>...

    -b <branch>           create and checkout a new branch
    -B <branch>           create/reset and checkout a branch
    -l                    create reflog for new branch
    --guess               second guess 'git checkout <no-such-branch>' (default)
    --overlay             use overlay mode (default)
    -q, --quiet           suppress progress reporting
    --recurse-submodules[=<checkout>]
                          control recursive updating of submodules
    --progress            force progress reporting
    -m, --merge           perform a 3-way merge with the new branch
    --conflict <style>    conflict style (merge, diff3, or zdiff3)
    -d, --detach          detach HEAD at named commit
    -t, --track[=(direct|inherit)]
                          set branch tracking configuration
    -f, --force           force checkout (throw away local modifications)
    --orphan <new-branch>
                          new unparented branch
    --overwrite-ignore    update ignored files (default)
    --ignore-other-worktrees
                          do not check if another worktree is holding the given ref
    -2, --ours            checkout our version for unmerged files
    -3, --theirs          checkout their version for unmerged files
    -p, --patch           select hunks interactively
    --ignore-skip-worktree-bits
                          do not limit pathspecs to sparse entries only
    --pathspec-from-file <file>
                          read pathspec from file
    --pathspec-file-nul   with --pathspec-from-file, pathspec elements are separated with NUL character


Administrator@Users MINGW64 /d/tranning/git/sourceGit (master)
$ git checkout 934d492 -- file.txt

Administrator@Users MINGW64 /d/tranning/git/sourceGit (master)
$ git log --oneline
f008164 (HEAD -> master) masih pada perubahan pertama
934d492 penambahan coment untuk git
4185a21 menghapus file2.txt
06b3baa menambah file2.txt
803456f menmbah baris pertam di file1.txt
fbf6942 menambah file1.txt
63d803e menambah baris pertama file.txt
c0ac0a6 menambah file.txt

Administrator@Users MINGW64 /d/tranning/git/sourceGit (master)
$ git checkout 06b3baa
error: Your local changes to the following files would be overwritten by checkout:
        file1.txt
Please commit your changes or stash them before you switch branches.
Aborting

Administrator@Users MINGW64 /d/tranning/git/sourceGit (master)
$ git checkout 934d492
error: Your local changes to the following files would be overwritten by checkout:
        file1.txt
Please commit your changes or stash them before you switch branches.
Aborting

Administrator@Users MINGW64 /d/tranning/git/sourceGit (master)
$ git status
On branch master
Changes not staged for commit:
  (use "git add <file>..." to update what will be committed)
  (use "git restore <file>..." to discard changes in working directory)
        modified:   file1.txt

no changes added to commit (use "git add" and/or "git commit -a")

Administrator@Users MINGW64 /d/tranning/git/sourceGit (master)
$ git commit --amend -m "perubahan"
[master d890388] perubahan
 Date: Mon Mar 4 13:23:35 2024 +0700
 1 file changed, 2 insertions(+), 1 deletion(-)

Administrator@Users MINGW64 /d/tranning/git/sourceGit (master)
$ git status
On branch master
Changes not staged for commit:
  (use "git add <file>..." to update what will be committed)
  (use "git restore <file>..." to discard changes in working directory)
        modified:   file1.txt

no changes added to commit (use "git add" and/or "git commit -a")

Administrator@Users MINGW64 /d/tranning/git/sourceGit (master)
$ git commit -m "terakhir"
On branch master
Changes not staged for commit:
  (use "git add <file>..." to update what will be committed)
  (use "git restore <file>..." to discard changes in working directory)
        modified:   file1.txt

no changes added to commit (use "git add" and/or "git commit -a")

Administrator@Users MINGW64 /d/tranning/git/sourceGit (master)
$ git add .

Administrator@Users MINGW64 /d/tranning/git/sourceGit (master)
$ git commit --amend -m "perubahan"
[master aca6e58] perubahan
 Date: Mon Mar 4 13:23:35 2024 +0700
 1 file changed, 3 insertions(+), 1 deletion(-)

Administrator@Users MINGW64 /d/tranning/git/sourceGit (master)
$ git status
On branch master
nothing to commit, working tree clean

Administrator@Users MINGW64 /d/tranning/git/sourceGit (master)
$ git log --oneline
aca6e58 (HEAD -> master) perubahan
934d492 penambahan coment untuk git
4185a21 menghapus file2.txt
06b3baa menambah file2.txt
803456f menmbah baris pertam di file1.txt
fbf6942 menambah file1.txt
63d803e menambah baris pertama file.txt
c0ac0a6 menambah file.txt

Administrator@Users MINGW64 /d/tranning/git/sourceGit (master)
$ git checkout 934d492
Note: switching to '934d492'.

You are in 'detached HEAD' state. You can look around, make experimental
changes and commit them, and you can discard any commits you make in this
state without impacting any branches by switching back to a branch.

If you want to create a new branch to retain commits you create, you may
do so (now or later) by using -c with the switch command. Example:

  git switch -c <new-branch-name>

Or undo this operation with:

  git switch -

Turn off this advice by setting config variable advice.detachedHead to false

HEAD is now at 934d492 penambahan coment untuk git

Administrator@Users MINGW64 /d/tranning/git/sourceGit ((934d492...))
$ git checkout master
Previous HEAD position was 934d492 penambahan coment untuk git
Switched to branch 'master'

Administrator@Users MINGW64 /d/tranning/git/sourceGit (master)
$ git add .

Administrator@Users MINGW64 /d/tranning/git/sourceGit (master)
$ git commit -m "menambahkan baris ke 4"
[master c9072d3] menambahkan baris ke 4
 1 file changed, 2 insertions(+), 1 deletion(-)

Administrator@Users MINGW64 /d/tranning/git/sourceGit (master)
$ git log --oneling
fatal: unrecognized argument: --oneling

Administrator@Users MINGW64 /d/tranning/git/sourceGit (master)
$ git log --oneline
c9072d3 (HEAD -> master) menambahkan baris ke 4
aca6e58 perubahan
934d492 penambahan coment untuk git
4185a21 menghapus file2.txt
06b3baa menambah file2.txt
803456f menmbah baris pertam di file1.txt
fbf6942 menambah file1.txt
63d803e menambah baris pertama file.txt
c0ac0a6 menambah file.txt

Administrator@Users MINGW64 /d/tranning/git/sourceGit (master)
$ git revert aca6e58
Auto-merging file1.txt
CONFLICT (content): Merge conflict in file1.txt
error: could not revert aca6e58... perubahan
hint: After resolving the conflicts, mark them with
hint: "git add/rm <pathspec>", then run
hint: "git revert --continue".
hint: You can instead skip this commit with "git revert --skip".
hint: To abort and get back to the state before "git revert",
hint: run "git revert --abort".

Administrator@Users MINGW64 /d/tranning/git/sourceGit (master|REVERTING)
$ git status
On branch master
You are currently reverting commit aca6e58.
  (fix conflicts and run "git revert --continue")
  (use "git revert --skip" to skip this patch)
  (use "git revert --abort" to cancel the revert operation)

Unmerged paths:
  (use "git restore --staged <file>..." to unstage)
  (use "git add <file>..." to mark resolution)
        both modified:   file1.txt

no changes added to commit (use "git add" and/or "git commit -a")

Administrator@Users MINGW64 /d/tranning/git/sourceGit (master|REVERTING)
$ git revert --continue
error: Committing is not possible because you have unmerged files.
hint: Fix them up in the work tree, and then use 'git add/rm <file>'
hint: as appropriate to mark resolution and make a commit.
fatal: Exiting because of an unresolved conflict.
U       file1.txt

Administrator@Users MINGW64 /d/tranning/git/sourceGit (master|REVERTING)
$ git status
On branch master
You are currently reverting commit aca6e58.
  (fix conflicts and run "git revert --continue")
  (use "git revert --skip" to skip this patch)
  (use "git revert --abort" to cancel the revert operation)

Unmerged paths:
  (use "git restore --staged <file>..." to unstage)
  (use "git add <file>..." to mark resolution)
        both modified:   file1.txt

no changes added to commit (use "git add" and/or "git commit -a")

Administrator@Users MINGW64 /d/tranning/git/sourceGit (master|REVERTING)
$ git add .

Administrator@Users MINGW64 /d/tranning/git/sourceGit (master|REVERTING)
$ git status
On branch master
You are currently reverting commit aca6e58.
  (all conflicts fixed: run "git revert --continue")
  (use "git revert --skip" to skip this patch)
  (use "git revert --abort" to cancel the revert operation)

Changes to be committed:
  (use "git restore --staged <file>..." to unstage)
        modified:   file1.txt

Untracked files:
  (use "git add <file>..." to include in what will be committed)
        .gitignore
        application.backup


Administrator@Users MINGW64 /d/tranning/git/sourceGit (master|REVERTING)
$ git checkout master
Already on 'master'
warning: cancelling a revert in progress
M       file1.txt

Administrator@Users MINGW64 /d/tranning/git/sourceGit (master)
$ git status
On branch master
Changes to be committed:
  (use "git restore --staged <file>..." to unstage)
        modified:   file1.txt

Untracked files:
  (use "git add <file>..." to include in what will be committed)
        .gitignore
        application.backup


Administrator@Users MINGW64 /d/tranning/git/sourceGit (master)
$ git add .

Administrator@Users MINGW64 /d/tranning/git/sourceGit (master)
$ git commit -m "perubahan ignore"
[master fc82dae] perubahan ignore
 3 files changed, 16 insertions(+), 1 deletion(-)
 create mode 100644 .gitignore
 create mode 100644 application.backup

Administrator@Users MINGW64 /d/tranning/git/sourceGit (master)
$ git status
On branch master
nothing to commit, working tree clean

Administrator@Users MINGW64 /d/tranning/git/sourceGit (master)
$ git log --oneline
fc82dae (HEAD -> master) perubahan ignore
c9072d3 menambahkan baris ke 4
aca6e58 perubahan
934d492 penambahan coment untuk git
4185a21 menghapus file2.txt
06b3baa menambah file2.txt
803456f menmbah baris pertam di file1.txt
fbf6942 menambah file1.txt
63d803e menambah baris pertama file.txt
c0ac0a6 menambah file.txt

Administrator@Users MINGW64 /d/tranning/git/sourceGit (master)
$ git blame file.txt
934d492c (Muhammad Riyan Husain 2024-03-04 13:01:18 +0700   1) menambah baris pertama
934d492c (Muhammad Riyan Husain 2024-03-04 13:01:18 +0700   2) Administrator@Users MINGW64 /d/tranning/git/sourceGit (master)
934d492c (Muhammad Riyan Husain 2024-03-04 13:01:18 +0700   3) $ git init
934d492c (Muhammad Riyan Husain 2024-03-04 13:01:18 +0700   4) Reinitialized existing Git repository in D:/tranning/git/sourceGit/.git/
934d492c (Muhammad Riyan Husain 2024-03-04 13:01:18 +0700   5)
934d492c (Muhammad Riyan Husain 2024-03-04 13:01:18 +0700   6) Administrator@Users MINGW64 /d/tranning/git/sourceGit (master)
934d492c (Muhammad Riyan Husain 2024-03-04 13:01:18 +0700   7) $ git code.
934d492c (Muhammad Riyan Husain 2024-03-04 13:01:18 +0700   8) git: 'code.' is not a git command. See 'git --help'.
934d492c (Muhammad Riyan Husain 2024-03-04 13:01:18 +0700   9)
934d492c (Muhammad Riyan Husain 2024-03-04 13:01:18 +0700  10) Administrator@Users MINGW64 /d/tranning/git/sourceGit (master)
934d492c (Muhammad Riyan Husain 2024-03-04 13:01:18 +0700  11) $ git code .
934d492c (Muhammad Riyan Husain 2024-03-04 13:01:18 +0700  12) git: 'code' is not a git command. See 'git --help'.
934d492c (Muhammad Riyan Husain 2024-03-04 13:01:18 +0700  13)
934d492c (Muhammad Riyan Husain 2024-03-04 13:01:18 +0700  14) The most similar command is
934d492c (Muhammad Riyan Husain 2024-03-04 13:01:18 +0700  15)         clone
:...skipping...
934d492c (Muhammad Riyan Husain 2024-03-04 13:01:18 +0700   1) menambah baris pertama
934d492c (Muhammad Riyan Husain 2024-03-04 13:01:18 +0700   2) Administrator@Users MINGW64 /d/tranning/git/sourceGit (master)
934d492c (Muhammad Riyan Husain 2024-03-04 13:01:18 +0700   3) $ git init
934d492c (Muhammad Riyan Husain 2024-03-04 13:01:18 +0700   4) Reinitialized existing Git repository in D:/tranning/git/sourceGit/.git/
934d492c (Muhammad Riyan Husain 2024-03-04 13:01:18 +0700   5)
934d492c (Muhammad Riyan Husain 2024-03-04 13:01:18 +0700   6) Administrator@Users MINGW64 /d/tranning/git/sourceGit (master)
934d492c (Muhammad Riyan Husain 2024-03-04 13:01:18 +0700   7) $ git code.
934d492c (Muhammad Riyan Husain 2024-03-04 13:01:18 +0700   8) git: 'code.' is not a git command. See 'git --help'.
934d492c (Muhammad Riyan Husain 2024-03-04 13:01:18 +0700   9)
934d492c (Muhammad Riyan Husain 2024-03-04 13:01:18 +0700  10) Administrator@Users MINGW64 /d/tranning/git/sourceGit (master)
934d492c (Muhammad Riyan Husain 2024-03-04 13:01:18 +0700  11) $ git code .
934d492c (Muhammad Riyan Husain 2024-03-04 13:01:18 +0700  12) git: 'code' is not a git command. See 'git --help'.
934d492c (Muhammad Riyan Husain 2024-03-04 13:01:18 +0700  13)
934d492c (Muhammad Riyan Husain 2024-03-04 13:01:18 +0700  14) The most similar command is
934d492c (Muhammad Riyan Husain 2024-03-04 13:01:18 +0700  15)         clone
934d492c (Muhammad Riyan Husain 2024-03-04 13:01:18 +0700  16)
934d492c (Muhammad Riyan Husain 2024-03-04 13:01:18 +0700  17) Administrator@Users MINGW64 /d/tranning/git/sourceGit (master)

Administrator@Users MINGW64 /d/tranning/git/sourceGit (master)
$
